  Game.cpp
C:\ProyectosVisual\FinalMAVI1\FinalMAVI1\Game.cpp(117,22): warning C4244: 'inicializando': conversión de 'T' a 'float'; posible pérdida de datos
C:\ProyectosVisual\FinalMAVI1\FinalMAVI1\Game.cpp(117,22): warning C4244:         with
C:\ProyectosVisual\FinalMAVI1\FinalMAVI1\Game.cpp(117,22): warning C4244:         [
C:\ProyectosVisual\FinalMAVI1\FinalMAVI1\Game.cpp(117,22): warning C4244:             T=unsigned int
C:\ProyectosVisual\FinalMAVI1\FinalMAVI1\Game.cpp(117,22): warning C4244:         ]
C:\ProyectosVisual\FinalMAVI1\FinalMAVI1\Game.cpp(250,27): warning C4244: 'inicializando': conversión de 'T' a 'float'; posible pérdida de datos
C:\ProyectosVisual\FinalMAVI1\FinalMAVI1\Game.cpp(250,27): warning C4244:         with
C:\ProyectosVisual\FinalMAVI1\FinalMAVI1\Game.cpp(250,27): warning C4244:         [
C:\ProyectosVisual\FinalMAVI1\FinalMAVI1\Game.cpp(250,27): warning C4244:             T=unsigned int
C:\ProyectosVisual\FinalMAVI1\FinalMAVI1\Game.cpp(250,27): warning C4244:         ]
C:\ProyectosVisual\FinalMAVI1\FinalMAVI1\Game.cpp(251,28): warning C4244: 'inicializando': conversión de 'T' a 'float'; posible pérdida de datos
C:\ProyectosVisual\FinalMAVI1\FinalMAVI1\Game.cpp(251,28): warning C4244:         with
C:\ProyectosVisual\FinalMAVI1\FinalMAVI1\Game.cpp(251,28): warning C4244:         [
C:\ProyectosVisual\FinalMAVI1\FinalMAVI1\Game.cpp(251,28): warning C4244:             T=unsigned int
C:\ProyectosVisual\FinalMAVI1\FinalMAVI1\Game.cpp(251,28): warning C4244:         ]
C:\ProyectosVisual\FinalMAVI1\FinalMAVI1\Game.cpp(550,19): warning C4244: 'inicializando': conversión de 'T' a 'float'; posible pérdida de datos
C:\ProyectosVisual\FinalMAVI1\FinalMAVI1\Game.cpp(550,19): warning C4244:         with
C:\ProyectosVisual\FinalMAVI1\FinalMAVI1\Game.cpp(550,19): warning C4244:         [
C:\ProyectosVisual\FinalMAVI1\FinalMAVI1\Game.cpp(550,19): warning C4244:             T=unsigned int
C:\ProyectosVisual\FinalMAVI1\FinalMAVI1\Game.cpp(550,19): warning C4244:         ]
  main.cpp
  Generando código...
  FinalMAVI1.vcxproj -> C:\ProyectosVisual\FinalMAVI1\FinalMAVI1\Debug\FinalMAVI1.exe
